<!DOCTYPE html>
<html lang="en">
<head>
    <meta charset="UTF-8">
    <meta http-equiv="X-UA-Compatible" content="IE=edge">
    <meta name="viewport" content="width=device-width, initial-scale=1.0">
    <title>Vrhunec</title>
    <link rel="stylesheet" href="https://cdnjs.cloudflare.com/ajax/libs/font-awesome/6.2.0/css/all.min.css">
    <link rel="stylesheet" href="style.css">
</head>
<body>
   
    <header>
            <div class="container">
                <div class="main">
                    <div class="logo">
                        <a href="#">golden</a>
                    </div>
                    <div class="navigation">
                       
                        <input type="checkbox" class="toggle-menu">
                        <div class="hamburger"></div>
                        <ul class="menu">
                            <li>
                                <a href="#home">Home</a>
                            </li>
                            <li>
                                <a href="#services">Services</a>
                            </li>
                            <li>
                                <a href="#portfolio">Portfolio</a>
                            </li>
    
                            <li>
                                <a href="#about">About</a>
                            </li>
                            <li>
                                <a href="#contact">Contact</a>
                            </li>
                        </ul>
                    </div>
                </div>
            </div>
    </header>
  
    <div class="banner">
        <div class="container">
            <div class="main-banner">
                <p>Welcome To Our Studio!</p>
                <p>it's nice to meet you</p>
                <a href="#tellMore">Tell me more</a>
            </div>
        </div>
    </div>
   
    <section class="services">
        <div class="container">
            <h1>services</h1>
            <p>Proin iaculis purus consequat sem cure. </p>
            <div class="services-main">
                <div class="services-block">
                    <div class="img-circle">
                        <img src="img/icon-basket.png" alt="icon-basket">
                    </div>
                    <h3>E-Commerce</h3>
                    <p>Proin iaculis purus consequat sem cure 
                        digni ssim. Donec porttitora entum suscipit 
                        aenean rhoncus posuere odio in tincidunt.</p>
                </div>
                <div class="services-block">
                    <div class="img-circle">
                        <img src="img/icon-laptop.png" alt="icon-basket">
                    </div>
                    <h3>Responsive Web</h3>
                    <p>Proin iaculis purus consequat sem cure 
                        digni ssim. Donec porttitora entum suscipit 
                        aenean rhoncus posuere odio in tincidunt.</p>
                </div>
                <div class="services-block">
                    <div class="img-circle">
                        <img src="img/icon-locked.png" alt="icon-basket">
                    </div>
                    <h3>Web Security</h3>
                    <p>Proin iaculis purus consequat sem cure 
                        digni ssim. Donec porttitora entum suscipit 
                        aenean rhoncus posuere odio in tincidunt.</p>
                </div>
            </div>
        </div>
    </section>
    
    <section class="contact"> 
            <div class="container">
                <h1>contact us</h1>
                <p>Proin iaculis purus consequat sem cure. </p>
                <form action="#">
                    <div class="contact-main">
                        <div class="form-left">
                            <input type="text" placeholder="your name*" name="name">
                            <input type="email" placeholder="your email*" name="email">
                            <input type="text" placeholder="subject" name="subject">
                        </div>
                        <div class="form-right">
                            <textarea name="comment" id="comment" cols="30" rows="10" placeholder="your message*"></textarea>
                        </div>  
                    </div>
                    <input type="submit" name="submit" id="submit" value="SEND MESSAGE" class="submit">
                </form>
            </div>
    </section>
    
    <footer>
        <div class="container">
            <div class="footer-main">
                <div class="footer-copy-right">
                    <p>&#169; Copyright 2014 FreebiesXpress.com</p>
                </div>
                <div class="social-links">
                    <ul>
                        <li>
                            <a href="#twitter"><i class="fa-brands fa-twitter"></i></a>
                        </li>
                        <li>
                            <a href="#facebook"><i class="fa-brands fa-facebook-f"></i></a>
                        </li>
                        <li>
                            <a href="#pinterest"><i class="fa-brands fa-pinterest-p"></i></a>
                        </li>
                        <li>
                            <a href="#google-plus">
                                <img src="img/google-plus.png" alt="google-plus">
                            </a>
                        </li>
                    </ul>
                </div>
            </div>
        </div>
    </footer>
</body>
</html>